# START_TEST
# NAME DifferentLabel
# test if we can add edges to the graph.
# Edges will have same start and end but different labels.
# Create a graph
created graph graph1

# Add a pair of nodes
added node ValidNode1 to graph1
added node ValidNode2 to graph1

# Add an edge
added edge label1 from ValidNode1 to ValidNode2 in graph1
added edge label2 from ValidNode1 to ValidNode2 in graph1
# END_TEST