
loaded graph marvel

path from STRONG, MARTIN HENRY to SIF:
STRONG, MARTIN HENRY to CANNONBALL II/SAM GU with weight 0.500
CANNONBALL II/SAM GU to BEAST/HENRY &HANK& P with weight 0.017
BEAST/HENRY &HANK& P to CAPTAIN AMERICA with weight 0.006
CAPTAIN AMERICA to THOR/DR. DONALD BLAK with weight 0.003
THOR/DR. DONALD BLAK to SIF with weight 0.005
total cost: 0.530

path from SHAMAN/MICHAEL TWOYO to BINARY/CAROL DANVERS:
SHAMAN/MICHAEL TWOYO to CAPTAIN AMERICA with weight 0.043
CAPTAIN AMERICA to IRON MAN/TONY STARK  with weight 0.002
IRON MAN/TONY STARK  to BINARY/CAROL DANVERS with weight 0.013
total cost: 0.059

path from DR. DOOM/VICTOR VON  to FARREL, MIKE:
DR. DOOM/VICTOR VON  to THING/BENJAMIN J. GR with weight 0.008
THING/BENJAMIN J. GR to CAPTAIN AMERICA with weight 0.006
CAPTAIN AMERICA to FARREL, MIKE with weight 0.059
total cost: 0.073

path from DONALDSON, LINDA to HARKNESS, AGATHA:
DONALDSON, LINDA to BEAST/HENRY &HANK& P with weight 0.167
BEAST/HENRY &HANK& P to CAPTAIN AMERICA with weight 0.006
CAPTAIN AMERICA to THING/BENJAMIN J. GR with weight 0.006
THING/BENJAMIN J. GR to HARKNESS, AGATHA with weight 0.019
total cost: 0.197

path from MARROW/SARAH  to IRON MAN/TONY STARK :
MARROW/SARAH  to STORM/ORORO MUNROE S with weight 0.019
STORM/ORORO MUNROE S to CYCLOPS/SCOTT SUMMER with weight 0.004
CYCLOPS/SCOTT SUMMER to BEAST/HENRY &HANK& P with weight 0.003
BEAST/HENRY &HANK& P to IRON MAN/TONY STARK  with weight 0.007
total cost: 0.033

path from MANTIS (SPACE PHANTO to VERMIN/EDWARD WHELAN:
MANTIS (SPACE PHANTO to CRYSTAL [INHUMAN] with weight 0.125
CRYSTAL [INHUMAN] to HUMAN TORCH/JOHNNY S with weight 0.008
HUMAN TORCH/JOHNNY S to SPIDER-MAN/PETER PAR with weight 0.007
SPIDER-MAN/PETER PAR to VERMIN/EDWARD WHELAN with weight 0.050
total cost: 0.190

path from ROSENTHAL, BERNIE to FIXER II/PAUL NORBER:
ROSENTHAL, BERNIE to CAPTAIN AMERICA with weight 0.013
CAPTAIN AMERICA to HAWK with weight 0.003
HAWK to FIXER II/PAUL NORBER with weight 0.040
total cost: 0.056

path from S'YM to HAWK:
S'YM to CANNONBALL II/SAM GU with weight 0.042
CANNONBALL II/SAM GU to BEAST/HENRY &HANK& P with weight 0.017
BEAST/HENRY &HANK& P to CAPTAIN AMERICA with weight 0.006
CAPTAIN AMERICA to HAWK with weight 0.003
total cost: 0.067

path from LEBEAU, MERCY to BEAST/HENRY &HANK& P:
LEBEAU, MERCY to GAMBIT/REMY LEBEAU  with weight 0.200
GAMBIT/REMY LEBEAU  to BEAST/HENRY &HANK& P with weight 0.009
total cost: 0.209

path from WARLOCK III to POWELL, JONATHAN:
WARLOCK III to CANNONBALL II/SAM GU with weight 0.010
CANNONBALL II/SAM GU to BEAST/HENRY &HANK& P with weight 0.017
BEAST/HENRY &HANK& P to CAPTAIN AMERICA with weight 0.006
CAPTAIN AMERICA to FIRESTAR/ANGELICA JO with weight 0.017
FIRESTAR/ANGELICA JO to DARKHAWK/CHRIS POWEL with weight 0.043
DARKHAWK/CHRIS POWEL to POWELL, JONATHAN with weight 0.050
total cost: 0.144

path from AURORA/JEANNE-MARIE  to SUMMERS, NATHAN CHRI:
AURORA/JEANNE-MARIE  to HUDSON, HEATHER with weight 0.012
HUDSON, HEATHER to WOLVERINE/LOGAN  with weight 0.023
WOLVERINE/LOGAN  to CYCLOPS/SCOTT SUMMER with weight 0.004
CYCLOPS/SCOTT SUMMER to SUMMERS, NATHAN CHRI with weight 0.011
total cost: 0.050

path from CHANEY, AMANDA to CAPTAIN AMERICA:
CHANEY, AMANDA to SCARLET WITCH/WANDA  with weight 0.091
SCARLET WITCH/WANDA  to CAPTAIN AMERICA with weight 0.003
total cost: 0.094

path from STONE, LT. MARCUS to WILLIAMS, NILES:
STONE, LT. MARCUS to THUNDERSTRIKE/ERIC K with weight 0.071
THUNDERSTRIKE/ERIC K to CAPTAIN AMERICA with weight 0.018
CAPTAIN AMERICA to SPIDER-MAN/PETER PAR with weight 0.007
SPIDER-MAN/PETER PAR to WILLIAMS, NILES with weight 1.000
total cost: 1.097

path from STORM/ORORO MUNROE S to SABRETOOTH/VICTOR CR:
STORM/ORORO MUNROE S to WOLVERINE/LOGAN  with weight 0.003
WOLVERINE/LOGAN  to SABRETOOTH/VICTOR CR with weight 0.026
total cost: 0.029

path from ODIN [ASGARDIAN] to DYNA-MITE/ROGER AUBR:
ODIN [ASGARDIAN] to THOR/DR. DONALD BLAK with weight 0.004
THOR/DR. DONALD BLAK to CAPTAIN AMERICA with weight 0.003
CAPTAIN AMERICA to DYNA-MITE/ROGER AUBR with weight 0.083
total cost: 0.090

path from VAN HELSING, RACHEL to PIXIE/ [ETERNAL]:
VAN HELSING, RACHEL to DRACULA/VLAD TEPES with weight 0.020
DRACULA/VLAD TEPES to DR. STRANGE/STEPHEN  with weight 0.083
DR. STRANGE/STEPHEN  to HULK/DR. ROBERT BRUC with weight 0.006
HULK/DR. ROBERT BRUC to MR. FANTASTIC/REED R with weight 0.011
MR. FANTASTIC/REED R to PIXIE/ [ETERNAL] with weight 0.333
total cost: 0.454

path from ARCHER, ULYSSES SAMS to CLARK, JOHN:
ARCHER, ULYSSES SAMS to SHE-HULK/JENNIFER WA with weight 0.111
SHE-HULK/JENNIFER WA to CAPTAIN AMERICA with weight 0.006
CAPTAIN AMERICA to JONES, RICHARD MILHO with weight 0.013
JONES, RICHARD MILHO to STARSHINE II/BRANDY  with weight 0.067
STARSHINE II/BRANDY  to CLARK, JOHN with weight 0.053
total cost: 0.249

path from IRON MAN/TONY STARK  to MR. NACHT:
IRON MAN/TONY STARK  to CAPTAIN AMERICA with weight 0.002
CAPTAIN AMERICA to SPIDER-MAN/PETER PAR with weight 0.007
SPIDER-MAN/PETER PAR to MR. NACHT with weight 0.111
total cost: 0.120

path from BEAST/HENRY &HANK& P to DRAKE, FRANKLIN:
BEAST/HENRY &HANK& P to DR. STRANGE/STEPHEN  with weight 0.020
DR. STRANGE/STEPHEN  to DRACULA/VLAD TEPES with weight 0.083
DRACULA/VLAD TEPES to DRAKE, FRANKLIN with weight 0.017
total cost: 0.121

path from GOYER, SAUL to WOLVERINE | MUTANT X:
GOYER, SAUL to SUMMERS, NATHAN CHRI with weight 0.333
SUMMERS, NATHAN CHRI to CYCLOPS/SCOTT SUMMER with weight 0.011
CYCLOPS/SCOTT SUMMER to HAVOK/ALEX SUMMERS  with weight 0.009
HAVOK/ALEX SUMMERS  to WOLVERINE | MUTANT X with weight 0.167
total cost: 0.521

path from DARKHAWK/CHRIS POWEL to DRAGONFLY II/MEIKO Y:
DARKHAWK/CHRIS POWEL to NOVA/RICHARD RIDER with weight 0.038
NOVA/RICHARD RIDER to SPIDER-MAN/PETER PAR with weight 0.026
SPIDER-MAN/PETER PAR to DRAGONFLY II/MEIKO Y with weight 0.250
total cost: 0.314

path from PARKER, MAY to PARKER, RICHARD:
PARKER, MAY to PARKER, RICHARD with weight 0.250
total cost: 0.250

path from WONDER MAN/SIMON WIL to ROSS, COURTNEY:
WONDER MAN/SIMON WIL to BEAST/HENRY &HANK& P with weight 0.009
BEAST/HENRY &HANK& P to CYCLOPS/SCOTT SUMMER with weight 0.003
CYCLOPS/SCOTT SUMMER to NIGHTCRAWLER/KURT WA with weight 0.006
NIGHTCRAWLER/KURT WA to CAPTAIN BRITAIN/BRIA with weight 0.009
CAPTAIN BRITAIN/BRIA to ROSS, COURTNEY with weight 0.100
total cost: 0.128

path from BLACK CAT/FELICIA HA to ZERO:
BLACK CAT/FELICIA HA to SPIDER-MAN/PETER PAR with weight 0.011
SPIDER-MAN/PETER PAR to CAPTAIN AMERICA with weight 0.007
CAPTAIN AMERICA to BEAST/HENRY &HANK& P with weight 0.006
BEAST/HENRY &HANK& P to MARVEL GIRL/JEAN GRE with weight 0.003
MARVEL GIRL/JEAN GRE to SUMMERS, NATHAN CHRI with weight 0.010
SUMMERS, NATHAN CHRI to ZERO with weight 0.071
total cost: 0.108

path from CALIBAN/ to BOMBADIER/:
CALIBAN/ to CYCLOPS/SCOTT SUMMER with weight 0.029
CYCLOPS/SCOTT SUMMER to BEAST/HENRY &HANK& P with weight 0.003
BEAST/HENRY &HANK& P to CAPTAIN AMERICA with weight 0.006
CAPTAIN AMERICA to SPIDER-MAN/PETER PAR with weight 0.007
SPIDER-MAN/PETER PAR to SPIDER-MAN CLONE/BEN with weight 0.010
SPIDER-MAN CLONE/BEN to BOMBADIER/ with weight 1.000
total cost: 1.056

path from CHALIZ, SHANAZ RAYNA to MR. FANTASTIC/REED R:
CHALIZ, SHANAZ RAYNA to SPIDER-MAN/PETER PAR with weight 0.500
SPIDER-MAN/PETER PAR to HUMAN TORCH/JOHNNY S with weight 0.007
HUMAN TORCH/JOHNNY S to MR. FANTASTIC/REED R with weight 0.001
total cost: 0.508

path from SANGRE/JULIA CONCEPC to BLACK WIDOW/NATASHA :
SANGRE/JULIA CONCEPC to THUNDERSTRIKE/ERIC K with weight 1.000
THUNDERSTRIKE/ERIC K to HERCULES [GREEK GOD] with weight 0.016
HERCULES [GREEK GOD] to BLACK WIDOW/NATASHA  with weight 0.007
total cost: 1.023

path from HUMAN TORCH/JOHNNY S to DEMOLITION MAN/DENNI:
HUMAN TORCH/JOHNNY S to CAPTAIN AMERICA with weight 0.006
CAPTAIN AMERICA to DEMOLITION MAN/DENNI with weight 0.034
total cost: 0.041

path from MR. FANTASTIC/REED R to JUBILEE/JUBILATION L:
MR. FANTASTIC/REED R to THING/BENJAMIN J. GR with weight 0.001
THING/BENJAMIN J. GR to WOLVERINE/LOGAN  with weight 0.013
WOLVERINE/LOGAN  to JUBILEE/JUBILATION L with weight 0.011
total cost: 0.025

path from NORRISS, SISTER BARB to BOOMER/TABITHA SMITH:
NORRISS, SISTER BARB to BEAST/HENRY &HANK& P with weight 0.018
BEAST/HENRY &HANK& P to BOOMER/TABITHA SMITH with weight 0.021
total cost: 0.039

path from SHANG-CHI to CORSI, TOM:
SHANG-CHI to BLACK WIDOW/NATASHA  with weight 0.067
BLACK WIDOW/NATASHA  to CAPTAIN AMERICA with weight 0.007
CAPTAIN AMERICA to BEAST/HENRY &HANK& P with weight 0.006
BEAST/HENRY &HANK& P to CYCLOPS/SCOTT SUMMER with weight 0.003
CYCLOPS/SCOTT SUMMER to BANSHEE/SEAN CASSIDY with weight 0.009
BANSHEE/SEAN CASSIDY to CORSI, TOM with weight 0.125
total cost: 0.217

path from HOGAN, HAROLD J. HAP to PRINCE REY:
HOGAN, HAROLD J. HAP to IRON MAN/TONY STARK  with weight 0.009
IRON MAN/TONY STARK  to CAPTAIN AMERICA with weight 0.002
CAPTAIN AMERICA to HULK/DR. ROBERT BRUC with weight 0.009
HULK/DR. ROBERT BRUC to PRINCE REY with weight 0.200
total cost: 0.220

path from MEXXA RIEN to HULK/DR. ROBERT BRUC:
MEXXA RIEN to FIRESTAR/ANGELICA JO with weight 0.500
FIRESTAR/ANGELICA JO to CAPTAIN AMERICA with weight 0.017
CAPTAIN AMERICA to HULK/DR. ROBERT BRUC with weight 0.009
total cost: 0.526

path from PALERMO, VICTOR to THUNDERSTRIKE/ERIC K:
PALERMO, VICTOR to SPIDER-MAN/PETER PAR with weight 0.056
SPIDER-MAN/PETER PAR to CAPTAIN AMERICA with weight 0.007
CAPTAIN AMERICA to THUNDERSTRIKE/ERIC K with weight 0.018
total cost: 0.081

path from SCORPIA to O'CONNOR, A.C. ACE:
SCORPIA to SPIDER-MAN/PETER PAR with weight 0.500
SPIDER-MAN/PETER PAR to HULK/DR. ROBERT BRUC with weight 0.011
HULK/DR. ROBERT BRUC to JONES, RICHARD MILHO with weight 0.006
JONES, RICHARD MILHO to ROM, SPACEKNIGHT with weight 0.071
ROM, SPACEKNIGHT to O'CONNOR, A.C. ACE with weight 0.167
total cost: 0.755

path from LLYRON to GHOST RIDER III/DAN :
LLYRON to SUB-MARINER/NAMOR MA with weight 0.100
SUB-MARINER/NAMOR MA to CAPTAIN AMERICA with weight 0.006
CAPTAIN AMERICA to SPIDER-MAN/PETER PAR with weight 0.007
SPIDER-MAN/PETER PAR to GHOST RIDER III/DAN  with weight 0.050
total cost: 0.163

path from POPPA WHEELER to YAP:
POPPA WHEELER to ARCHER, ULYSSES SAMS with weight 0.067
ARCHER, ULYSSES SAMS to SHE-HULK/JENNIFER WA with weight 0.111
SHE-HULK/JENNIFER WA to CAPTAIN AMERICA with weight 0.006
CAPTAIN AMERICA to BEAST/HENRY &HANK& P with weight 0.006
BEAST/HENRY &HANK& P to CYCLOPS/SCOTT SUMMER with weight 0.003
CYCLOPS/SCOTT SUMMER to WOLVERINE/LOGAN  with weight 0.004
WOLVERINE/LOGAN  to SHADOWCAT/KATHERINE  with weight 0.006
SHADOWCAT/KATHERINE  to YAP with weight 0.250
total cost: 0.452

path from MAM'SELLE HEPZIBAH to BLACK WIDOW/NATASHA :
MAM'SELLE HEPZIBAH to PROFESSOR X/CHARLES  with weight 0.040
PROFESSOR X/CHARLES  to BEAST/HENRY &HANK& P with weight 0.005
BEAST/HENRY &HANK& P to CAPTAIN AMERICA with weight 0.006
CAPTAIN AMERICA to BLACK WIDOW/NATASHA  with weight 0.007
total cost: 0.058

path from BOUDREAUX, BELLA DON to URICH, BEN:
BOUDREAUX, BELLA DON to GAMBIT/REMY LEBEAU  with weight 0.067
GAMBIT/REMY LEBEAU  to BEAST/HENRY &HANK& P with weight 0.009
BEAST/HENRY &HANK& P to CAPTAIN AMERICA with weight 0.006
CAPTAIN AMERICA to SPIDER-MAN/PETER PAR with weight 0.007
SPIDER-MAN/PETER PAR to URICH, BEN with weight 0.009
total cost: 0.098

path from DORMAMMU to DUBOIS, NOAH:
DORMAMMU to DR. STRANGE/STEPHEN  with weight 0.019
DR. STRANGE/STEPHEN  to HULK/DR. ROBERT BRUC with weight 0.006
HULK/DR. ROBERT BRUC to WOLVERINE/LOGAN  with weight 0.014
WOLVERINE/LOGAN  to CANNONBALL II/SAM GU with weight 0.010
CANNONBALL II/SAM GU to SIRYN/THERESA ROURKE with weight 0.019
SIRYN/THERESA ROURKE to DEADPOOL/JACK/WADE W with weight 0.050
DEADPOOL/JACK/WADE W to DUBOIS, NOAH with weight 0.167
total cost: 0.285

path from SHANNA/SHANNA O'HARA to TITANIA II/MARY SKEE:
SHANNA/SHANNA O'HARA to KA-ZAR/KEVIN PLUNDER with weight 0.013
KA-ZAR/KEVIN PLUNDER to SPIDER-MAN/PETER PAR with weight 0.053
SPIDER-MAN/PETER PAR to HUMAN TORCH/JOHNNY S with weight 0.007
HUMAN TORCH/JOHNNY S to TITANIA II/MARY SKEE with weight 0.056
total cost: 0.128

path from PROFESSOR X/CHARLES  to PUMPKIN:
PROFESSOR X/CHARLES  to BEAST/HENRY &HANK& P with weight 0.005
BEAST/HENRY &HANK& P to CAPTAIN AMERICA with weight 0.006
CAPTAIN AMERICA to FIRESTAR/ANGELICA JO with weight 0.017
FIRESTAR/ANGELICA JO to PUMPKIN with weight 0.500
total cost: 0.528

path from VAPOR to RINTRAH:
VAPOR to HULK/DR. ROBERT BRUC with weight 0.111
HULK/DR. ROBERT BRUC to DR. STRANGE/STEPHEN  with weight 0.006
DR. STRANGE/STEPHEN  to RINTRAH with weight 0.017
total cost: 0.135

path from IRON MAN/TONY STARK  to IRON MAN/TONY STARK :
total cost: 0.000

path from SPIDER-MAN/PETER PAR to CAPTAIN AMERICA:
SPIDER-MAN/PETER PAR to CAPTAIN AMERICA with weight 0.007
total cost: 0.007

path from PHARAOH RAMA-TUT to SHAMAN/MICHAEL TWOYO:
PHARAOH RAMA-TUT to CAPTAIN AMERICA with weight 0.019
CAPTAIN AMERICA to SHAMAN/MICHAEL TWOYO with weight 0.043
total cost: 0.062

path from PARKER, MAY to IRON MAN/TONY STARK :
PARKER, MAY to SPIDER-MAN/PETER PAR with weight 0.003
SPIDER-MAN/PETER PAR to CAPTAIN AMERICA with weight 0.007
CAPTAIN AMERICA to IRON MAN/TONY STARK  with weight 0.002
total cost: 0.012

path from DOMO to WU, LEIKO:
DOMO to IKARIS/IKE HARRIS [E with weight 0.143
IKARIS/IKE HARRIS [E to SERSI/SYLVIA with weight 0.022
SERSI/SYLVIA to CAPTAIN AMERICA with weight 0.012
CAPTAIN AMERICA to BLACK WIDOW/NATASHA  with weight 0.007
BLACK WIDOW/NATASHA  to SHANG-CHI with weight 0.067
SHANG-CHI to WU, LEIKO with weight 0.011
total cost: 0.262

path from STORM/ORORO MUNROE S to ROBERTSON, RANDY:
STORM/ORORO MUNROE S to WOLVERINE/LOGAN  with weight 0.003
WOLVERINE/LOGAN  to SPIDER-MAN/PETER PAR with weight 0.016
SPIDER-MAN/PETER PAR to ROBERTSON, RANDY with weight 0.015
total cost: 0.034

path from ASP II/CLEO to CAPTAIN AMERICA:
ASP II/CLEO to CAPTAIN AMERICA with weight 0.050
total cost: 0.050
